
<!DOCTYPE html>
<html lang="en">
<head>
  <meta charset="utf-8">
  <title>500 - Internal Server Error</title>
</head>
<body>


  <div id="error">
    <h1>HTTP Error 500 - Internal Server Error</h1>
    <p>Internal Server Error</p>
  </div>


</body>
</html>


