
<!DOCTYPE html>
<html lang="en">
<head>
  <meta charset="utf-8">
  <title>400 - Bad Request</title>
</head>
<body>


  <div id="error">
    <h1>HTTP Error 400 - Bad Request</h1>
    <p>Missing login_challenge parameter</p>
  </div>


</body>
</html>


