{
  "Content-Type": [
    "text/html; charset=utf-8"
  ],
  "Location": [
    "https://login/successful"
  ]
}